2026/10/02 19:07:46 source=picsum  bases=993  seed=42  out=/home/waizbart/projects/aletheia-api/testdata/generated
2026/10/02 19:07:46 transforms=54  workers=4
2026/10/02 19:07:46 pre-fetching 993 base images...
2026/10/02 19:07:47 pre-fetched 993/993 bases
2026/10/02 19:07:47 [1/993] OK picsum_481  variants=54
2026/10/02 19:07:47 [2/993] OK picsum_451  variants=54
2026/10/02 19:07:47 [3/993] OK picsum_431  variants=54
2026/10/02 19:07:47 [4/993] OK picsum_600  variants=54
2026/10/02 19:07:47 [5/993] OK picsum_261  variants=54
2026/10/02 19:07:47 [6/993] OK picsum_588  variants=54
2026/10/02 19:07:47 [7/993] OK picsum_623  variants=54
2026/10/02 19:07:47 [8/993] OK picsum_539  variants=54
2026/10/02 19:07:47 [9/993] OK picsum_39  variants=54
2026/10/02 19:07:47 [10/993] OK picsum_488  variants=54
2026/10/02 19:07:47 [11/993] OK picsum_1011  variants=54
2026/10/02 19:07:47 [12/993] OK picsum_89  variants=54
2026/10/02 19:07:47 [13/993] OK picsum_1071  variants=54
2026/10/02 19:07:47 [14/993] OK picsum_603  variants=54
2026/10/02 19:07:47 [15/993] OK picsum_990  variants=54
2026/10/02 19:07:47 [16/993] OK picsum_241  variants=54
2026/10/02 19:07:47 [17/993] OK picsum_728  variants=54
2026/10/02 19:07:48 [18/993] OK picsum_101  variants=54
2026/10/02 19:07:48 [19/993] OK picsum_788  variants=54
2026/10/02 19:07:48 [20/993] OK picsum_811  variants=54
2026/10/02 19:07:48 [21/993] OK picsum_283  variants=54
2026/10/02 19:07:48 [22/993] OK picsum_174  variants=54
2026/10/02 19:07:48 [23/993] OK picsum_590  variants=54
2026/10/02 19:07:48 [24/993] OK picsum_995  variants=54
2026/10/02 19:07:48 [25/993] OK picsum_674  variants=54
2026/10/02 19:07:48 [26/993] OK picsum_847  variants=54
2026/10/02 19:07:48 [27/993] OK picsum_951  variants=54
2026/10/02 19:07:48 [28/993] OK picsum_430  variants=54
2026/10/02 19:07:48 [29/993] OK picsum_5  variants=54
2026/10/02 19:07:48 [30/993] OK picsum_886  variants=54
2026/10/02 19:07:48 [31/993] OK picsum_683  variants=54
2026/10/02 19:07:48 [32/993] OK picsum_510  variants=54
2026/10/02 19:07:48 [33/993] OK picsum_384  variants=54
2026/10/02 19:07:48 [34/993] OK picsum_302  variants=54
2026/10/02 19:07:48 [35/993] OK picsum_846  variants=54
2026/10/02 19:07:48 [36/993] OK picsum_369  variants=54
2026/10/02 19:07:48 [37/993] OK picsum_1020  variants=54
2026/10/02 19:07:48 [38/993] OK picsum_268  variants=54
2026/10/02 19:07:48 [39/993] OK picsum_92  variants=54
2026/10/02 19:07:48 [40/993] OK picsum_317  variants=54
2026/10/02 19:07:48 [41/993] OK picsum_885  variants=54
2026/10/02 19:07:48 [42/993] OK picsum_582  variants=54
2026/10/02 19:07:48 [43/993] OK picsum_328  variants=54
2026/10/02 19:07:48 [44/993] OK picsum_567  variants=54
2026/10/02 19:07:48 [45/993] OK picsum_20  variants=54
2026/10/02 19:07:48 [46/993] OK picsum_809  variants=54
2026/10/02 19:07:48 [47/993] OK picsum_962  variants=54
2026/10/02 19:07:48 [48/993] OK picsum_457  variants=54
2026/10/02 19:07:48 [49/993] OK picsum_8  variants=54
2026/10/02 19:07:48 [50/993] OK picsum_669  variants=54
2026/10/02 19:07:48 [51/993] OK picsum_341  variants=54
2026/10/02 19:07:48 [52/993] OK picsum_640  variants=54
2026/10/02 19:07:48 [53/993] OK picsum_74  variants=54
2026/10/02 19:07:48 [54/993] OK picsum_598  variants=54
2026/10/02 19:07:48 [55/993] OK picsum_921  variants=54
2026/10/02 19:07:48 [56/993] OK picsum_217  variants=54
2026/10/02 19:07:48 [57/993] OK picsum_610  variants=54
2026/10/02 19:07:48 [58/993] OK picsum_178  variants=54
2026/10/02 19:07:48 [59/993] OK picsum_73  variants=54
2026/10/02 19:07:48 [60/993] OK picsum_716  variants=54
2026/10/02 19:07:48 [61/993] OK picsum_659  variants=54
2026/10/02 19:07:48 [62/993] OK picsum_1042  variants=54
2026/10/02 19:07:48 [63/993] OK picsum_622  variants=54
2026/10/02 19:07:48 [64/993] OK picsum_274  variants=54
2026/10/02 19:07:48 [65/993] OK picsum_583  variants=54
2026/10/02 19:07:48 [66/993] OK picsum_576  variants=54
2026/10/02 19:07:48 [67/993] OK picsum_57  variants=54
2026/10/02 19:07:48 [68/993] OK picsum_475  variants=54
2026/10/02 19:07:49 [69/993] OK picsum_416  variants=54
2026/10/02 19:07:49 [70/993] OK picsum_586  variants=54
2026/10/02 19:07:49 [71/993] OK picsum_828  variants=54
2026/10/02 19:07:49 [72/993] OK picsum_507  variants=54
2026/10/02 19:07:49 [73/993] OK picsum_376  variants=54
2026/10/02 19:07:49 [74/993] OK picsum_315  variants=54
2026/10/02 19:07:49 [75/993] OK picsum_565  variants=54
2026/10/02 19:07:49 [76/993] OK picsum_619  variants=54
2026/10/02 19:07:49 [77/993] OK picsum_368  variants=54
2026/10/02 19:07:49 [78/993] OK picsum_855  variants=54
2026/10/02 19:07:49 [79/993] OK picsum_992  variants=54
2026/10/02 19:07:49 [80/993] OK picsum_952  variants=54
2026/10/02 19:07:49 [81/993] OK picsum_233  variants=54
2026/10/02 19:07:49 [82/993] OK picsum_434  variants=54
2026/10/02 19:07:49 [83/993] OK picsum_524  variants=54
2026/10/02 19:07:49 [84/993] OK picsum_591  variants=54
2026/10/02 19:07:49 [85/993] OK picsum_468  variants=54
2026/10/02 19:07:49 [86/993] OK picsum_617  variants=54
2026/10/02 19:07:49 [87/993] OK picsum_1018  variants=54
2026/10/02 19:07:49 [88/993] OK picsum_455  variants=54
2026/10/02 19:07:49 [89/993] OK picsum_883  variants=54
2026/10/02 19:07:49 [90/993] OK picsum_326  variants=54
2026/10/02 19:07:49 [91/993] OK picsum_611  variants=54
2026/10/02 19:07:49 [92/993] OK picsum_605  variants=54
2026/10/02 19:07:49 [93/993] OK picsum_509  variants=54
2026/10/02 19:07:49 [94/993] OK picsum_419  variants=54
2026/10/02 19:07:49 [95/993] OK picsum_467  variants=54
2026/10/02 19:07:49 [96/993] OK picsum_516  variants=54
2026/10/02 19:07:49 [97/993] OK picsum_206  variants=54
2026/10/02 19:07:49 [98/993] OK picsum_737  variants=54
2026/10/02 19:07:49 [99/993] OK picsum_60  variants=54
2026/10/02 19:07:49 [100/993] OK picsum_186  variants=54
2026/10/02 19:07:49 [101/993] OK picsum_297  variants=54
2026/10/02 19:07:49 [102/993] OK picsum_247  variants=54
2026/10/02 19:07:49 [103/993] OK picsum_1001  variants=54
2026/10/02 19:07:49 [104/993] OK picsum_219  variants=54
2026/10/02 19:07:49 [105/993] OK picsum_927  variants=54
2026/10/02 19:07:49 [106/993] OK picsum_492  variants=54
2026/10/02 19:07:49 [107/993] OK picsum_318  variants=54
2026/10/02 19:07:49 [108/993] OK picsum_378  variants=54
2026/10/02 19:07:49 [109/993] OK picsum_642  variants=54
2026/10/02 19:07:49 [110/993] OK picsum_1068  variants=54
2026/10/02 19:07:49 [111/993] OK picsum_266  variants=54
2026/10/02 19:07:49 [112/993] OK picsum_1069  variants=54
2026/10/02 19:07:49 [113/993] OK picsum_405  variants=54
2026/10/02 19:07:49 [114/993] OK picsum_478  variants=54
2026/10/02 19:07:49 [115/993] OK picsum_703  variants=54
2026/10/02 19:07:49 [116/993] OK picsum_717  variants=54
2026/10/02 19:07:49 [117/993] OK picsum_637  variants=54
2026/10/02 19:07:49 [118/993] OK picsum_577  variants=54
2026/10/02 19:07:49 [119/993] OK picsum_784  variants=54
2026/10/02 19:07:49 [120/993] OK picsum_851  variants=54
2026/10/02 19:07:49 [121/993] OK picsum_14  variants=54
2026/10/02 19:07:50 [122/993] OK picsum_527  variants=54
2026/10/02 19:07:50 [123/993] OK picsum_961  variants=54
2026/10/02 19:07:50 [124/993] OK picsum_220  variants=54
2026/10/02 19:07:50 [125/993] OK picsum_985  variants=54
2026/10/02 19:07:50 [126/993] OK picsum_179  variants=54
2026/10/02 19:07:50 [127/993] OK picsum_33  variants=54
2026/10/02 19:07:50 [128/993] OK picsum_351  variants=54
2026/10/02 19:07:50 [129/993] OK picsum_142  variants=54
2026/10/02 19:07:50 [130/993] OK picsum_329  variants=54
2026/10/02 19:07:50 [131/993] OK picsum_604  variants=54
2026/10/02 19:07:50 [132/993] OK picsum_370  variants=54
2026/10/02 19:07:50 [133/993] OK picsum_515  variants=54
2026/10/02 19:07:50 [134/993] OK picsum_348  variants=54
2026/10/02 19:07:50 [135/993] OK picsum_781  variants=54
2026/10/02 19:07:50 [136/993] OK picsum_879  variants=54
2026/10/02 19:07:50 [137/993] OK picsum_160  variants=54
2026/10/02 19:07:50 [138/993] OK picsum_144  variants=54
2026/10/02 19:07:50 [139/993] OK picsum_1000  variants=54
2026/10/02 19:07:50 [140/993] OK picsum_964  variants=54
2026/10/02 19:07:50 [141/993] OK picsum_282  variants=54
2026/10/02 19:07:50 [142/993] OK picsum_535  variants=54
2026/10/02 19:07:50 [143/993] OK picsum_191  variants=54
2026/10/02 19:07:50 [144/993] OK picsum_334  variants=54
2026/10/02 19:07:50 [145/993] OK picsum_175  variants=54
2026/10/02 19:07:50 [146/993] OK picsum_158  variants=54
2026/10/02 19:07:50 [147/993] OK picsum_6  variants=54
2026/10/02 19:07:50 [148/993] OK picsum_28  variants=54
2026/10/02 19:07:50 [149/993] OK picsum_480  variants=54
2026/10/02 19:07:50 [150/993] OK picsum_187  variants=54
2026/10/02 19:07:50 [151/993] OK picsum_356  variants=54
2026/10/02 19:07:50 [152/993] OK picsum_857  variants=54
2026/10/02 19:07:50 [153/993] OK picsum_890  variants=54
2026/10/02 19:07:50 [154/993] OK picsum_722  variants=54
2026/10/02 19:07:50 [155/993] OK picsum_344  variants=54
2026/10/02 19:07:50 [156/993] OK picsum_555  variants=54
2026/10/02 19:07:50 [157/993] OK picsum_52  variants=54
2026/10/02 19:07:50 [158/993] OK picsum_986  variants=54
2026/10/02 19:07:50 [159/993] OK picsum_424  variants=54
2026/10/02 19:07:50 [160/993] OK picsum_599  variants=54
2026/10/02 19:07:50 [161/993] OK picsum_1006  variants=54
2026/10/02 19:07:50 [162/993] OK picsum_80  variants=54
2026/10/02 19:07:50 [163/993] OK picsum_88  variants=54
2026/10/02 19:07:50 [164/993] OK picsum_804  variants=54
2026/10/02 19:07:50 [165/993] OK picsum_894  variants=54
2026/10/02 19:07:50 [166/993] OK picsum_908  variants=54
2026/10/02 19:07:50 [167/993] OK picsum_824  variants=54
2026/10/02 19:07:50 [168/993] OK picsum_173  variants=54
2026/10/02 19:07:51 [169/993] OK picsum_1023  variants=54
2026/10/02 19:07:51 [170/993] OK picsum_500  variants=54
2026/10/02 19:07:51 [171/993] OK picsum_1047  variants=54
2026/10/02 19:07:51 [172/993] OK picsum_867  variants=54
2026/10/02 19:07:51 [173/993] OK picsum_989  variants=54
2026/10/02 19:07:51 [174/993] OK picsum_366  variants=54
2026/10/02 19:07:51 [175/993] OK picsum_903  variants=54
2026/10/02 19:07:51 [176/993] OK picsum_493  variants=54
2026/10/02 19:07:51 [177/993] OK picsum_735  variants=54
2026/10/02 19:07:51 [178/993] OK picsum_331  variants=54
2026/10/02 19:07:51 [179/993] OK picsum_108  variants=54
2026/10/02 19:07:51 [180/993] OK picsum_425  variants=54
2026/10/02 19:07:51 [181/993] OK picsum_631  variants=54
2026/10/02 19:07:51 [182/993] OK picsum_815  variants=54
2026/10/02 19:07:51 [183/993] OK picsum_365  variants=54
2026/10/02 19:07:51 [184/993] OK picsum_367  variants=54
2026/10/02 19:07:51 [185/993] OK picsum_1014  variants=54
2026/10/02 19:07:51 [186/993] OK picsum_82  variants=54
2026/10/02 19:07:51 [187/993] OK picsum_44  variants=54
2026/10/02 19:07:51 [188/993] OK picsum_275  variants=54
2026/10/02 19:07:51 [189/993] OK picsum_814  variants=54
2026/10/02 19:07:51 [190/993] OK picsum_24  variants=54
2026/10/02 19:07:51 [191/993] OK picsum_420  variants=54
2026/10/02 19:07:51 [192/993] OK picsum_249  variants=54
2026/10/02 19:07:51 [193/993] OK picsum_407  variants=54
2026/10/02 19:07:51 [194/993] OK picsum_4  variants=54
2026/10/02 19:07:51 [195/993] OK picsum_1065  variants=54
2026/10/02 19:07:51 [196/993] OK picsum_123  variants=54
2026/10/02 19:07:51 [197/993] OK picsum_536  variants=54
2026/10/02 19:07:51 [198/993] OK picsum_678  variants=54
2026/10/02 19:07:51 [199/993] OK picsum_523  variants=54
2026/10/02 19:07:51 [200/993] OK picsum_200  variants=54
2026/10/02 19:07:51 [201/993] OK picsum_373  variants=54
2026/10/02 19:07:51 [202/993] OK picsum_66  variants=54
2026/10/02 19:07:51 [203/993] OK picsum_978  variants=54
2026/10/02 19:07:51 [204/993] OK picsum_30  variants=54
2026/10/02 19:07:51 [205/993] OK picsum_465  variants=54
2026/10/02 19:07:51 [206/993] OK picsum_27  variants=54
2026/10/02 19:07:51 [207/993] OK picsum_691  variants=54
2026/10/02 19:07:51 [208/993] OK picsum_730  variants=54
2026/10/02 19:07:51 [209/993] OK picsum_337  variants=54
2026/10/02 19:07:51 [210/993] OK picsum_568  variants=54
2026/10/02 19:07:51 [211/993] OK picsum_427  variants=54
2026/10/02 19:07:51 [212/993] OK picsum_613  variants=54
2026/10/02 19:07:51 [213/993] OK picsum_999  variants=54
2026/10/02 19:07:51 [214/993] OK picsum_1051  variants=54
2026/10/02 19:07:51 [215/993] OK picsum_724  variants=54
2026/10/02 19:07:51 [216/993] OK picsum_935  variants=54
2026/10/02 19:07:51 [217/993] OK picsum_870  variants=54
2026/10/02 19:07:51 [218/993] OK picsum_441  variants=54
2026/10/02 19:07:51 [219/993] OK picsum_157  variants=54
2026/10/02 19:07:51 [220/993] OK picsum_521  variants=54
2026/10/02 19:07:51 [221/993] OK picsum_0  variants=54
2026/10/02 19:07:51 [222/993] OK picsum_520  variants=54
2026/10/02 19:07:51 [223/993] OK picsum_37  variants=54
2026/10/02 19:07:52 [224/993] OK picsum_807  variants=54
2026/10/02 19:07:52 [225/993] OK picsum_829  variants=54
2026/10/02 19:07:52 [226/993] OK picsum_159  variants=54
2026/10/02 19:07:52 [227/993] OK picsum_596  variants=54
2026/10/02 19:07:52 [228/993] OK picsum_834  variants=54
2026/10/02 19:07:52 [229/993] OK picsum_163  variants=54
2026/10/02 19:07:52 [230/993] OK picsum_406  variants=54
2026/10/02 19:07:52 [231/993] OK picsum_371  variants=54
2026/10/02 19:07:52 [232/993] OK picsum_522  variants=54
2026/10/02 19:07:52 [233/993] OK picsum_305  variants=54
2026/10/02 19:07:52 [234/993] OK picsum_402  variants=54
2026/10/02 19:07:52 [235/993] OK picsum_269  variants=54
2026/10/02 19:07:52 [236/993] OK picsum_387  variants=54
2026/10/02 19:07:52 [237/993] OK picsum_503  variants=54
2026/10/02 19:07:52 [238/993] OK picsum_1003  variants=54
2026/10/02 19:07:52 [239/993] OK picsum_571  variants=54
2026/10/02 19:07:52 [240/993] OK picsum_534  variants=54
2026/10/02 19:07:52 [241/993] OK picsum_930  variants=54
2026/10/02 19:07:52 [242/993] OK picsum_996  variants=54
2026/10/02 19:07:52 [243/993] OK picsum_607  variants=54
2026/10/02 19:07:52 [244/993] OK picsum_1016  variants=54
2026/10/02 19:07:52 [245/993] OK picsum_397  variants=54
2026/10/02 19:07:52 [246/993] OK picsum_379  variants=54
2026/10/02 19:07:52 [247/993] OK picsum_501  variants=54
2026/10/02 19:07:52 [248/993] OK picsum_866  variants=54
2026/10/02 19:07:52 [249/993] OK picsum_876  variants=54
2026/10/02 19:07:52 [250/993] OK picsum_109  variants=54
2026/10/02 19:07:52 [251/993] OK picsum_562  variants=54
2026/10/02 19:07:52 [252/993] OK picsum_390  variants=54
2026/10/02 19:07:52 [253/993] OK picsum_218  variants=54
2026/10/02 19:07:52 [254/993] OK picsum_778  variants=54
2026/10/02 19:07:52 [255/993] OK picsum_388  variants=54
2026/10/02 19:07:52 [256/993] OK picsum_167  variants=54
2026/10/02 19:07:52 [257/993] OK picsum_805  variants=54
2026/10/02 19:07:52 [258/993] OK picsum_835  variants=54
2026/10/02 19:07:52 [259/993] OK picsum_433  variants=54
2026/10/02 19:07:52 [260/993] OK picsum_775  variants=54
2026/10/02 19:07:52 [261/993] OK picsum_1059  variants=54
2026/10/02 19:07:52 [262/993] OK picsum_553  variants=54
2026/10/02 19:07:52 [263/993] OK picsum_1083  variants=54
2026/10/02 19:07:52 [264/993] OK picsum_403  variants=54
2026/10/02 19:07:52 [265/993] OK picsum_69  variants=54
2026/10/02 19:07:52 [266/993] OK picsum_169  variants=54
2026/10/02 19:07:52 [267/993] OK picsum_237  variants=54
2026/10/02 19:07:52 [268/993] OK picsum_653  variants=54
2026/10/02 19:07:52 [269/993] OK picsum_18  variants=54
2026/10/02 19:07:52 [270/993] OK picsum_570  variants=54
2026/10/02 19:07:53 [271/993] OK picsum_471  variants=54
2026/10/02 19:07:53 [272/993] OK picsum_943  variants=54
2026/10/02 19:07:53 [273/993] OK picsum_1040  variants=54
2026/10/02 19:07:53 [274/993] OK picsum_396  variants=54
2026/10/02 19:07:53 [275/993] OK picsum_826  variants=54
2026/10/02 19:07:53 [276/993] OK picsum_487  variants=54
2026/10/02 19:07:53 [277/993] OK picsum_564  variants=54
2026/10/02 19:07:53 [278/993] OK picsum_354  variants=54
2026/10/02 19:07:53 [279/993] OK picsum_1067  variants=54
2026/10/02 19:07:53 [280/993] OK picsum_742  variants=54
2026/10/02 19:07:53 [281/993] OK picsum_102  variants=54
2026/10/02 19:07:53 [282/993] OK picsum_672  variants=54
2026/10/02 19:07:53 [283/993] OK picsum_250  variants=54
2026/10/02 19:07:53 [284/993] OK picsum_409  variants=54
2026/10/02 19:07:53 [285/993] OK picsum_347  variants=54
2026/10/02 19:07:53 [286/993] OK picsum_321  variants=54
2026/10/02 19:07:53 [287/993] OK picsum_70  variants=54
2026/10/02 19:07:53 [288/993] OK picsum_531  variants=54
2026/10/02 19:07:53 [289/993] OK picsum_342  variants=54
2026/10/02 19:07:53 [290/993] OK picsum_41  variants=54
2026/10/02 19:07:53 [291/993] OK picsum_808  variants=54
2026/10/02 19:07:53 [292/993] OK picsum_236  variants=54
2026/10/02 19:07:53 [293/993] OK picsum_265  variants=54
2026/10/02 19:07:53 [294/993] OK picsum_558  variants=54
2026/10/02 19:07:53 [295/993] OK picsum_272  variants=54
2026/10/02 19:07:53 [296/993] OK picsum_284  variants=54
2026/10/02 19:07:53 [297/993] OK picsum_977  variants=54
2026/10/02 19:07:53 [298/993] OK picsum_526  variants=54
2026/10/02 19:07:53 [299/993] OK picsum_560  variants=54
2026/10/02 19:07:53 [300/993] OK picsum_1028  variants=54
2026/10/02 19:07:53 [301/993] OK picsum_795  variants=54
2026/10/02 19:07:53 [302/993] OK picsum_485  variants=54
2026/10/02 19:07:53 [303/993] OK picsum_115  variants=54
2026/10/02 19:07:53 [304/993] OK picsum_741  variants=54
2026/10/02 19:07:53 [305/993] OK picsum_307  variants=54
2026/10/02 19:07:53 [306/993] OK picsum_146  variants=54
2026/10/02 19:07:53 [307/993] OK picsum_1078  variants=54
2026/10/02 19:07:53 [308/993] OK picsum_974  variants=54
2026/10/02 19:07:53 [309/993] OK picsum_84  variants=54
2026/10/02 19:07:53 [310/993] OK picsum_3  variants=54
2026/10/02 19:07:53 [311/993] OK picsum_554  variants=54
2026/10/02 19:07:53 [312/993] OK picsum_698  variants=54
2026/10/02 19:07:53 [313/993] OK picsum_168  variants=54
2026/10/02 19:07:53 [314/993] OK picsum_793  variants=54
2026/10/02 19:07:53 [315/993] OK picsum_738  variants=54
2026/10/02 19:07:53 [316/993] OK picsum_385  variants=54
2026/10/02 19:07:53 [317/993] OK picsum_862  variants=54
2026/10/02 19:07:53 [318/993] OK picsum_452  variants=54
2026/10/02 19:07:53 [319/993] OK picsum_79  variants=54
2026/10/02 19:07:53 [320/993] OK picsum_242  variants=54
2026/10/02 19:07:54 [321/993] OK picsum_156  variants=54
2026/10/02 19:07:54 [322/993] OK picsum_7  variants=54
2026/10/02 19:07:54 [323/993] OK picsum_363  variants=54
2026/10/02 19:07:54 [324/993] OK picsum_629  variants=54
2026/10/02 19:07:54 [325/993] OK picsum_1070  variants=54
2026/10/02 19:07:54 [326/993] OK picsum_22  variants=54
2026/10/02 19:07:54 [327/993] OK picsum_865  variants=54
2026/10/02 19:07:54 [328/993] OK picsum_991  variants=54
2026/10/02 19:07:54 [329/993] OK picsum_491  variants=54
2026/10/02 19:07:54 [330/993] OK picsum_830  variants=54
2026/10/02 19:07:54 [331/993] OK picsum_325  variants=54
2026/10/02 19:07:54 [332/993] OK picsum_320  variants=54
2026/10/02 19:07:54 [333/993] OK picsum_923  variants=54
2026/10/02 19:07:54 [334/993] OK picsum_677  variants=54
2026/10/02 19:07:54 [335/993] OK picsum_1008  variants=54
2026/10/02 19:07:54 [336/993] OK picsum_259  variants=54
2026/10/02 19:07:54 [337/993] OK picsum_1080  variants=54
2026/10/02 19:07:54 [338/993] OK picsum_702  variants=54
2026/10/02 19:07:54 [339/993] OK picsum_950  variants=54
2026/10/02 19:07:54 [340/993] OK picsum_687  variants=54
2026/10/02 19:07:54 [341/993] OK picsum_382  variants=54
2026/10/02 19:07:54 [342/993] OK picsum_314  variants=54
2026/10/02 19:07:54 [343/993] OK picsum_579  variants=54
2026/10/02 19:07:54 [344/993] OK picsum_461  variants=54
2026/10/02 19:07:54 [345/993] OK picsum_340  variants=54
2026/10/02 19:07:54 [346/993] OK picsum_208  variants=54
2026/10/02 19:07:54 [347/993] OK picsum_90  variants=54
2026/10/02 19:07:54 [348/993] OK picsum_686  variants=54
2026/10/02 19:07:54 [349/993] OK picsum_648  variants=54
2026/10/02 19:07:54 [350/993] OK picsum_668  variants=54
2026/10/02 19:07:54 [351/993] OK picsum_153  variants=54
2026/10/02 19:07:54 [352/993] OK picsum_392  variants=54
2026/10/02 19:07:54 [353/993] OK picsum_122  variants=54
2026/10/02 19:07:54 [354/993] OK picsum_926  variants=54
2026/10/02 19:07:54 [355/993] OK picsum_887  variants=54
2026/10/02 19:07:54 [356/993] OK picsum_482  variants=54
2026/10/02 19:07:54 [357/993] OK picsum_197  variants=54
2026/10/02 19:07:54 [358/993] OK picsum_202  variants=54
2026/10/02 19:07:54 [359/993] OK picsum_689  variants=54
2026/10/02 19:07:54 [360/993] OK picsum_802  variants=54
2026/10/02 19:07:54 [361/993] OK picsum_16  variants=54
2026/10/02 19:07:54 [362/993] OK picsum_131  variants=54
2026/10/02 19:07:54 [363/993] OK picsum_1004  variants=54
2026/10/02 19:07:54 [364/993] OK picsum_151  variants=54
2026/10/02 19:07:54 [365/993] OK picsum_861  variants=54
2026/10/02 19:07:54 [366/993] OK picsum_884  variants=54
2026/10/02 19:07:54 [367/993] OK picsum_154  variants=54
2026/10/02 19:07:54 [368/993] OK picsum_477  variants=54
2026/10/02 19:07:54 [369/993] OK picsum_972  variants=54
2026/10/02 19:07:54 [370/993] OK picsum_718  variants=54
2026/10/02 19:07:54 [371/993] OK picsum_514  variants=54
2026/10/02 19:07:54 [372/993] OK picsum_155  variants=54
2026/10/02 19:07:54 [373/993] OK picsum_891  variants=54
2026/10/02 19:07:54 [374/993] OK picsum_779  variants=54
2026/10/02 19:07:54 [375/993] OK picsum_979  variants=54
2026/10/02 19:07:54 [376/993] OK picsum_360  variants=54
2026/10/02 19:07:55 [377/993] OK picsum_549  variants=54
2026/10/02 19:07:55 [378/993] OK picsum_212  variants=54
2026/10/02 19:07:55 [379/993] OK picsum_357  variants=54
2026/10/02 19:07:55 [380/993] OK picsum_998  variants=54
2026/10/02 19:07:55 [381/993] OK picsum_827  variants=54
2026/10/02 19:07:55 [382/993] OK picsum_696  variants=54
2026/10/02 19:07:55 [383/993] OK picsum_404  variants=54
2026/10/02 19:07:55 [384/993] OK picsum_335  variants=54
2026/10/02 19:07:55 [385/993] OK picsum_161  variants=54
2026/10/02 19:07:55 [386/993] OK picsum_1060  variants=54
2026/10/02 19:07:55 [387/993] OK picsum_99  variants=54
2026/10/02 19:07:55 [388/993] OK picsum_134  variants=54
2026/10/02 19:07:55 [389/993] OK picsum_967  variants=54
2026/10/02 19:07:55 [390/993] OK picsum_732  variants=54
2026/10/02 19:07:55 [391/993] OK picsum_774  variants=54
2026/10/02 19:07:55 [392/993] OK picsum_593  variants=54
2026/10/02 19:07:55 [393/993] OK picsum_1002  variants=54
2026/10/02 19:07:55 [394/993] OK picsum_901  variants=54
2026/10/02 19:07:55 [395/993] OK picsum_757  variants=54
2026/10/02 19:07:55 [396/993] OK picsum_528  variants=54
2026/10/02 19:07:55 [397/993] OK picsum_496  variants=54
2026/10/02 19:07:55 [398/993] OK picsum_1064  variants=54
2026/10/02 19:07:55 [399/993] OK picsum_450  variants=54
2026/10/02 19:07:55 [400/993] OK picsum_53  variants=54
2026/10/02 19:07:55 [401/993] OK picsum_264  variants=54
2026/10/02 19:07:55 [402/993] OK picsum_192  variants=54
2026/10/02 19:07:55 [403/993] OK picsum_1009  variants=54
2026/10/02 19:07:55 [404/993] OK picsum_201  variants=54
2026/10/02 19:07:55 [405/993] OK picsum_1045  variants=54
2026/10/02 19:07:55 [406/993] OK picsum_794  variants=54
2026/10/02 19:07:55 [407/993] OK picsum_733  variants=54
2026/10/02 19:07:55 [408/993] OK picsum_715  variants=54
2026/10/02 19:07:55 [409/993] OK picsum_906  variants=54
2026/10/02 19:07:55 [410/993] OK picsum_922  variants=54
2026/10/02 19:07:55 [411/993] OK picsum_494  variants=54
2026/10/02 19:07:55 [412/993] OK picsum_987  variants=54
2026/10/02 19:07:55 [413/993] OK picsum_502  variants=54
2026/10/02 19:07:55 [414/993] OK picsum_413  variants=54
2026/10/02 19:07:55 [415/993] OK picsum_311  variants=54
2026/10/02 19:07:55 [416/993] OK picsum_942  variants=54
2026/10/02 19:07:55 [417/993] OK picsum_618  variants=54
2026/10/02 19:07:55 [418/993] OK picsum_727  variants=54
2026/10/02 19:07:55 [419/993] OK picsum_1025  variants=54
2026/10/02 19:07:55 [420/993] OK picsum_25  variants=54
2026/10/02 19:07:55 [421/993] OK picsum_196  variants=54
2026/10/02 19:07:55 [422/993] OK picsum_437  variants=54
2026/10/02 19:07:55 [423/993] OK picsum_312  variants=54
2026/10/02 19:07:55 [424/993] OK picsum_505  variants=54
2026/10/02 19:07:55 [425/993] OK picsum_85  variants=54
2026/10/02 19:07:55 [426/993] OK picsum_912  variants=54
2026/10/02 19:07:55 [427/993] OK picsum_667  variants=54
2026/10/02 19:07:55 [428/993] OK picsum_973  variants=54
2026/10/02 19:07:55 [429/993] OK picsum_546  variants=54
2026/10/02 19:07:55 [430/993] OK picsum_852  variants=54
2026/10/02 19:07:55 [431/993] OK picsum_704  variants=54
2026/10/02 19:07:55 [432/993] OK picsum_949  variants=54
2026/10/02 19:07:56 [433/993] OK picsum_448  variants=54
2026/10/02 19:07:56 [434/993] OK picsum_78  variants=54
2026/10/02 19:07:56 [435/993] OK picsum_1052  variants=54
2026/10/02 19:07:56 [436/993] OK picsum_842  variants=54
2026/10/02 19:07:56 [437/993] OK picsum_581  variants=54
2026/10/02 19:07:56 [438/993] OK picsum_932  variants=54
2026/10/02 19:07:56 [439/993] OK picsum_825  variants=54
2026/10/02 19:07:56 [440/993] OK picsum_569  variants=54
2026/10/02 19:07:56 [441/993] OK picsum_1079  variants=54
2026/10/02 19:07:56 [442/993] OK picsum_327  variants=54
2026/10/02 19:07:56 [443/993] OK picsum_238  variants=54
2026/10/02 19:07:56 [444/993] OK picsum_77  variants=54
2026/10/02 19:07:56 [445/993] OK picsum_19  variants=54
2026/10/02 19:07:56 [446/993] OK picsum_873  variants=54
2026/10/02 19:07:56 [447/993] OK picsum_719  variants=54
2026/10/02 19:07:56 [448/993] OK picsum_634  variants=54
2026/10/02 19:07:56 [449/993] OK picsum_32  variants=54
2026/10/02 19:07:56 [450/993] OK picsum_904  variants=54
2026/10/02 19:07:56 [451/993] OK picsum_1075  variants=54
2026/10/02 19:07:56 [452/993] OK picsum_739  variants=54
2026/10/02 19:07:56 [453/993] OK picsum_2  variants=54
2026/10/02 19:07:56 [454/993] OK picsum_353  variants=54
2026/10/02 19:07:56 [455/993] OK picsum_444  variants=54
2026/10/02 19:07:56 [456/993] OK picsum_195  variants=54
2026/10/02 19:07:56 [457/993] OK picsum_652  variants=54
2026/10/02 19:07:56 [458/993] OK picsum_418  variants=54
2026/10/02 19:07:56 [459/993] OK picsum_574  variants=54
2026/10/02 19:07:56 [460/993] OK picsum_630  variants=54
2026/10/02 19:07:56 [461/993] OK picsum_464  variants=54
2026/10/02 19:07:56 [462/993] OK picsum_1022  variants=54
2026/10/02 19:07:56 [463/993] OK picsum_988  variants=54
2026/10/02 19:07:56 [464/993] OK picsum_517  variants=54
2026/10/02 19:07:56 [465/993] OK picsum_863  variants=54
2026/10/02 19:07:56 [466/993] OK picsum_294  variants=54
2026/10/02 19:07:56 [467/993] OK picsum_953  variants=54
2026/10/02 19:07:56 [468/993] OK picsum_770  variants=54
2026/10/02 19:07:56 [469/993] OK picsum_776  variants=54
2026/10/02 19:07:56 [470/993] OK picsum_221  variants=54
2026/10/02 19:07:56 [471/993] OK picsum_777  variants=54
2026/10/02 19:07:56 [472/993] OK picsum_429  variants=54
2026/10/02 19:07:56 [473/993] OK picsum_513  variants=54
2026/10/02 19:07:56 [474/993] OK picsum_34  variants=54
2026/10/02 19:07:56 [475/993] OK picsum_813  variants=54
2026/10/02 19:07:56 [476/993] OK picsum_1024  variants=54
2026/10/02 19:07:56 [477/993] OK picsum_743  variants=54
2026/10/02 19:07:56 [478/993] OK picsum_563  variants=54
2026/10/02 19:07:56 [479/993] OK picsum_47  variants=54
2026/10/02 19:07:56 [480/993] OK picsum_288  variants=54
2026/10/02 19:07:56 [481/993] OK picsum_474  variants=54
2026/10/02 19:07:56 [482/993] OK picsum_296  variants=54
2026/10/02 19:07:56 [483/993] OK picsum_1077  variants=54
2026/10/02 19:07:57 [484/993] OK picsum_428  variants=54
2026/10/02 19:07:57 [485/993] OK picsum_248  variants=54
2026/10/02 19:07:57 [486/993] OK picsum_165  variants=54
2026/10/02 19:07:57 [487/993] OK picsum_63  variants=54
2026/10/02 19:07:57 [488/993] OK picsum_96  variants=54
2026/10/02 19:07:57 [489/993] OK picsum_309  variants=54
2026/10/02 19:07:57 [490/993] OK picsum_839  variants=54
2026/10/02 19:07:57 [491/993] OK picsum_287  variants=54
2026/10/02 19:07:57 [492/993] OK picsum_256  variants=54
2026/10/02 19:07:57 [493/993] OK picsum_472  variants=54
2026/10/02 19:07:57 [494/993] OK picsum_223  variants=54
2026/10/02 19:07:57 [495/993] OK picsum_1010  variants=54
2026/10/02 19:07:57 [496/993] OK picsum_417  variants=54
2026/10/02 19:07:57 [497/993] OK picsum_11  variants=54
2026/10/02 19:07:57 [498/993] OK picsum_909  variants=54
2026/10/02 19:07:57 [499/993] OK picsum_859  variants=54
2026/10/02 19:07:57 [500/993] OK picsum_760  variants=54
2026/10/02 19:07:57 [501/993] OK picsum_893  variants=54
2026/10/02 19:07:57 [502/993] OK picsum_699  variants=54
2026/10/02 19:07:57 [503/993] OK picsum_1053  variants=54
2026/10/02 19:07:57 [504/993] OK picsum_580  variants=54
2026/10/02 19:07:57 [505/993] OK picsum_849  variants=54
2026/10/02 19:07:57 [506/993] OK picsum_758  variants=54
2026/10/02 19:07:57 [507/993] OK picsum_907  variants=54
2026/10/02 19:07:57 [508/993] OK picsum_280  variants=54
2026/10/02 19:07:57 [509/993] OK picsum_981  variants=54
2026/10/02 19:07:57 [510/993] OK picsum_1054  variants=54
2026/10/02 19:07:57 [511/993] OK picsum_38  variants=54
2026/10/02 19:07:57 [512/993] OK picsum_255  variants=54
2026/10/02 19:07:57 [513/993] OK picsum_276  variants=54
2026/10/02 19:07:57 [514/993] OK picsum_1043  variants=54
2026/10/02 19:07:57 [515/993] OK picsum_837  variants=54
2026/10/02 19:07:57 [516/993] OK picsum_235  variants=54
2026/10/02 19:07:57 [517/993] OK picsum_845  variants=54
2026/10/02 19:07:57 [518/993] OK picsum_295  variants=54
2026/10/02 19:07:57 [519/993] OK picsum_166  variants=54
2026/10/02 19:07:57 [520/993] OK picsum_726  variants=54
2026/10/02 19:07:57 [521/993] OK picsum_933  variants=54
2026/10/02 19:07:57 [522/993] OK picsum_806  variants=54
2026/10/02 19:07:57 [523/993] OK picsum_931  variants=54
2026/10/02 19:07:57 [524/993] OK picsum_841  variants=54
2026/10/02 19:07:57 [525/993] OK picsum_606  variants=54
2026/10/02 19:07:57 [526/993] OK picsum_31  variants=54
2026/10/02 19:07:57 [527/993] OK picsum_993  variants=54
2026/10/02 19:07:57 [528/993] OK picsum_330  variants=54
2026/10/02 19:07:57 [529/993] OK picsum_772  variants=54
2026/10/02 19:07:57 [530/993] OK picsum_982  variants=54
2026/10/02 19:07:57 [531/993] OK picsum_783  variants=54
2026/10/02 19:07:57 [532/993] OK picsum_316  variants=54
2026/10/02 19:07:57 [533/993] OK picsum_9  variants=54
2026/10/02 19:07:57 [534/993] OK picsum_389  variants=54
2026/10/02 19:07:57 [535/993] OK picsum_858  variants=54
2026/10/02 19:07:57 [536/993] OK picsum_319  variants=54
2026/10/02 19:07:57 [537/993] OK picsum_120  variants=54
2026/10/02 19:07:58 [538/993] OK picsum_304  variants=54
2026/10/02 19:07:58 [539/993] OK picsum_383  variants=54
2026/10/02 19:07:58 [540/993] OK picsum_661  variants=54
2026/10/02 19:07:58 [541/993] OK picsum_234  variants=54
2026/10/02 19:07:58 [542/993] OK picsum_1057  variants=54
2026/10/02 19:07:58 [543/993] OK picsum_290  variants=54
2026/10/02 19:07:58 [544/993] OK picsum_185  variants=54
2026/10/02 19:07:58 [545/993] OK picsum_548  variants=54
2026/10/02 19:07:58 [546/993] OK picsum_443  variants=54
2026/10/02 19:07:58 [547/993] OK picsum_559  variants=54
2026/10/02 19:07:58 [548/993] OK picsum_675  variants=54
2026/10/02 19:07:58 [549/993] OK picsum_621  variants=54
2026/10/02 19:07:58 [550/993] OK picsum_519  variants=54
2026/10/02 19:07:58 [551/993] OK picsum_81  variants=54
2026/10/02 19:07:58 [552/993] OK picsum_840  variants=54
2026/10/02 19:07:58 [553/993] OK picsum_615  variants=54
2026/10/02 19:07:58 [554/993] OK picsum_479  variants=54
2026/10/02 19:07:58 [555/993] OK picsum_871  variants=54
2026/10/02 19:07:58 [556/993] OK picsum_116  variants=54
2026/10/02 19:07:58 [557/993] OK picsum_918  variants=54
2026/10/02 19:07:58 [558/993] OK picsum_533  variants=54
2026/10/02 19:07:58 [559/993] OK picsum_690  variants=54
2026/10/02 19:07:58 [560/993] OK picsum_744  variants=54
2026/10/02 19:07:58 [561/993] OK picsum_975  variants=54
2026/10/02 19:07:58 [562/993] OK picsum_486  variants=54
2026/10/02 19:07:58 [563/993] OK picsum_456  variants=54
2026/10/02 19:07:58 [564/993] OK picsum_628  variants=54
2026/10/02 19:07:58 [565/993] OK picsum_966  variants=54
2026/10/02 19:07:58 [566/993] OK picsum_171  variants=54
2026/10/02 19:07:58 [567/993] OK picsum_398  variants=54
2026/10/02 19:07:58 [568/993] OK picsum_905  variants=54
2026/10/02 19:07:58 [569/993] OK picsum_662  variants=54
2026/10/02 19:07:58 [570/993] OK picsum_386  variants=54
2026/10/02 19:07:58 [571/993] OK picsum_928  variants=54
2026/10/02 19:07:58 [572/993] OK picsum_545  variants=54
2026/10/02 19:07:58 [573/993] OK picsum_798  variants=54
2026/10/02 19:07:58 [574/993] OK picsum_358  variants=54
2026/10/02 19:07:58 [575/993] OK picsum_919  variants=54
2026/10/02 19:07:58 [576/993] OK picsum_575  variants=54
2026/10/02 19:07:58 [577/993] OK picsum_59  variants=54
2026/10/02 19:07:58 [578/993] OK picsum_609  variants=54
2026/10/02 19:07:58 [579/993] OK picsum_1029  variants=54
2026/10/02 19:07:58 [580/993] OK picsum_650  variants=54
2026/10/02 19:07:58 [581/993] OK picsum_190  variants=54
2026/10/02 19:07:58 [582/993] OK picsum_633  variants=54
2026/10/02 19:07:58 [583/993] OK picsum_203  variants=54
2026/10/02 19:07:58 [584/993] OK picsum_651  variants=54
2026/10/02 19:07:58 [585/993] OK picsum_58  variants=54
2026/10/02 19:07:58 [586/993] OK picsum_227  variants=54
2026/10/02 19:07:58 [587/993] OK picsum_655  variants=54
2026/10/02 19:07:58 [588/993] OK picsum_832  variants=54
2026/10/02 19:07:58 [589/993] OK picsum_10  variants=54
2026/10/02 19:07:59 [590/993] OK picsum_1012  variants=54
2026/10/02 19:07:59 [591/993] OK picsum_453  variants=54
2026/10/02 19:07:59 [592/993] OK picsum_997  variants=54
2026/10/02 19:07:59 [593/993] OK picsum_216  variants=54
2026/10/02 19:07:59 [594/993] OK picsum_194  variants=54
2026/10/02 19:07:59 [595/993] OK picsum_657  variants=54
2026/10/02 19:07:59 [596/993] OK picsum_184  variants=54
2026/10/02 19:07:59 [597/993] OK picsum_755  variants=54
2026/10/02 19:07:59 [598/993] OK picsum_1076  variants=54
2026/10/02 19:07:59 [599/993] OK picsum_882  variants=54
2026/10/02 19:07:59 [600/993] OK picsum_542  variants=54
2026/10/02 19:07:59 [601/993] OK picsum_585  variants=54
2026/10/02 19:07:59 [602/993] OK picsum_663  variants=54
2026/10/02 19:07:59 [603/993] OK picsum_439  variants=54
2026/10/02 19:07:59 [604/993] OK picsum_665  variants=54
2026/10/02 19:07:59 [605/993] OK picsum_902  variants=54
2026/10/02 19:07:59 [606/993] OK picsum_994  variants=54
2026/10/02 19:07:59 [607/993] OK picsum_1027  variants=54
2026/10/02 19:07:59 [608/993] OK picsum_670  variants=54
2026/10/02 19:07:59 [609/993] OK picsum_129  variants=54
2026/10/02 19:07:59 [610/993] OK picsum_612  variants=54
2026/10/02 19:07:59 [611/993] OK picsum_62  variants=54
2026/10/02 19:07:59 [612/993] OK picsum_209  variants=54
2026/10/02 19:07:59 [613/993] OK picsum_679  variants=54
2026/10/02 19:07:59 [614/993] OK picsum_869  variants=54
2026/10/02 19:07:59 [615/993] OK picsum_103  variants=54
2026/10/02 19:07:59 [616/993] OK picsum_189  variants=54
2026/10/02 19:07:59 [617/993] OK picsum_13  variants=54
2026/10/02 19:07:59 [618/993] OK picsum_111  variants=54
2026/10/02 19:07:59 [619/993] OK picsum_971  variants=54
2026/10/02 19:07:59 [620/993] OK picsum_875  variants=54
2026/10/02 19:07:59 [621/993] OK picsum_228  variants=54
2026/10/02 19:07:59 [622/993] OK picsum_658  variants=54
2026/10/02 19:07:59 [623/993] OK picsum_446  variants=54
2026/10/02 19:07:59 [624/993] OK picsum_292  variants=54
2026/10/02 19:07:59 [625/993] OK picsum_848  variants=54
2026/10/02 19:07:59 [626/993] OK picsum_231  variants=54
2026/10/02 19:07:59 [627/993] OK picsum_83  variants=54
2026/10/02 19:07:59 [628/993] OK picsum_362  variants=54
2026/10/02 19:07:59 [629/993] OK picsum_469  variants=54
2026/10/02 19:07:59 [630/993] OK picsum_124  variants=54
2026/10/02 19:07:59 [631/993] OK picsum_61  variants=54
2026/10/02 19:07:59 [632/993] OK picsum_940  variants=54
2026/10/02 19:07:59 [633/993] OK picsum_75  variants=54
2026/10/02 19:07:59 [634/993] OK picsum_888  variants=54
2026/10/02 19:07:59 [635/993] OK picsum_473  variants=54
2026/10/02 19:07:59 [636/993] OK picsum_541  variants=54
2026/10/02 19:07:59 [637/993] OK picsum_71  variants=54
2026/10/02 19:07:59 [638/993] OK picsum_645  variants=54
2026/10/02 19:07:59 [639/993] OK picsum_35  variants=54
2026/10/02 19:07:59 [640/993] OK picsum_1062  variants=54
2026/10/02 19:08:00 [641/993] OK picsum_49  variants=54
2026/10/02 19:08:00 [642/993] OK picsum_180  variants=54
2026/10/02 19:08:00 [643/993] OK picsum_113  variants=54
2026/10/02 19:08:00 [644/993] OK picsum_955  variants=54
2026/10/02 19:08:00 [645/993] OK picsum_1056  variants=54
2026/10/02 19:08:00 [646/993] OK picsum_946  variants=54
2026/10/02 19:08:00 [647/993] OK picsum_310  variants=54
2026/10/02 19:08:00 [648/993] OK picsum_915  variants=54
2026/10/02 19:08:00 [649/993] OK picsum_104  variants=54
2026/10/02 19:08:00 [650/993] OK picsum_110  variants=54
2026/10/02 19:08:00 [651/993] OK picsum_508  variants=54
2026/10/02 19:08:00 [652/993] OK picsum_132  variants=54
2026/10/02 19:08:00 [653/993] OK picsum_48  variants=54
2026/10/02 19:08:00 [654/993] OK picsum_938  variants=54
2026/10/02 19:08:00 [655/993] OK picsum_980  variants=54
2026/10/02 19:08:00 [656/993] OK picsum_543  variants=54
2026/10/02 19:08:00 [657/993] OK picsum_364  variants=54
2026/10/02 19:08:00 [658/993] OK picsum_232  variants=54
2026/10/02 19:08:00 [659/993] OK picsum_1038  variants=54
2026/10/02 19:08:00 [660/993] OK picsum_627  variants=54
2026/10/02 19:08:00 [661/993] OK picsum_1066  variants=54
2026/10/02 19:08:00 [662/993] OK picsum_557  variants=54
2026/10/02 19:08:00 [663/993] OK picsum_50  variants=54
2026/10/02 19:08:00 [664/993] OK picsum_957  variants=54
2026/10/02 19:08:00 [665/993] OK picsum_764  variants=54
2026/10/02 19:08:00 [666/993] OK picsum_322  variants=54
2026/10/02 19:08:00 [667/993] OK picsum_660  variants=54
2026/10/02 19:08:00 [668/993] OK picsum_518  variants=54
2026/10/02 19:08:00 [669/993] OK picsum_339  variants=54
2026/10/02 19:08:00 [670/993] OK picsum_913  variants=54
2026/10/02 19:08:00 [671/993] OK picsum_271  variants=54
2026/10/02 19:08:00 [672/993] OK picsum_130  variants=54
2026/10/02 19:08:00 [673/993] OK picsum_499  variants=54
2026/10/02 19:08:00 [674/993] OK picsum_767  variants=54
2026/10/02 19:08:00 [675/993] OK picsum_93  variants=54
2026/10/02 19:08:00 [676/993] OK picsum_277  variants=54
2026/10/02 19:08:00 [677/993] OK picsum_924  variants=54
2026/10/02 19:08:00 [678/993] OK picsum_1037  variants=54
2026/10/02 19:08:00 [679/993] OK picsum_511  variants=54
2026/10/02 19:08:00 [680/993] OK picsum_787  variants=54
2026/10/02 19:08:00 [681/993] OK picsum_853  variants=54
2026/10/02 19:08:00 [682/993] OK picsum_476  variants=54
2026/10/02 19:08:00 [683/993] OK picsum_836  variants=54
2026/10/02 19:08:00 [684/993] OK picsum_23  variants=54
2026/10/02 19:08:00 [685/993] OK picsum_432  variants=54
2026/10/02 19:08:00 [686/993] OK picsum_117  variants=54
2026/10/02 19:08:00 [687/993] OK picsum_1063  variants=54
2026/10/02 19:08:00 [688/993] OK picsum_395  variants=54
2026/10/02 19:08:00 [689/993] OK picsum_300  variants=54
2026/10/02 19:08:01 [690/993] OK picsum_537  variants=54
2026/10/02 19:08:01 [691/993] OK picsum_914  variants=54
2026/10/02 19:08:01 [692/993] OK picsum_970  variants=54
2026/10/02 19:08:01 [693/993] OK picsum_1050  variants=54
2026/10/02 19:08:01 [694/993] OK picsum_821  variants=54
2026/10/02 19:08:01 [695/993] OK picsum_616  variants=54
2026/10/02 19:08:01 [696/993] OK picsum_133  variants=54
2026/10/02 19:08:01 [697/993] OK picsum_436  variants=54
2026/10/02 19:08:01 [698/993] OK picsum_181  variants=54
2026/10/02 19:08:01 [699/993] OK picsum_198  variants=54
2026/10/02 19:08:01 [700/993] OK picsum_608  variants=54
2026/10/02 19:08:01 [701/993] OK picsum_42  variants=54
2026/10/02 19:08:01 [702/993] OK picsum_68  variants=54
2026/10/02 19:08:01 [703/993] OK picsum_215  variants=54
2026/10/02 19:08:01 [704/993] OK picsum_1055  variants=54
2026/10/02 19:08:01 [705/993] OK picsum_838  variants=54
2026/10/02 19:08:01 [706/993] OK picsum_355  variants=54
2026/10/02 19:08:01 [707/993] OK picsum_538  variants=54
2026/10/02 19:08:01 [708/993] OK picsum_423  variants=54
2026/10/02 19:08:01 [709/993] OK picsum_740  variants=54
2026/10/02 19:08:01 [710/993] OK picsum_210  variants=54
2026/10/02 19:08:01 [711/993] OK picsum_1035  variants=54
2026/10/02 19:08:01 [712/993] OK picsum_114  variants=54
2026/10/02 19:08:01 [713/993] OK picsum_100  variants=54
2026/10/02 19:08:01 [714/993] OK picsum_352  variants=54
2026/10/02 19:08:01 [715/993] OK picsum_948  variants=54
2026/10/02 19:08:01 [716/993] OK picsum_338  variants=54
2026/10/02 19:08:01 [717/993] OK picsum_1026  variants=54
2026/10/02 19:08:01 [718/993] OK picsum_822  variants=54
2026/10/02 19:08:01 [719/993] OK picsum_1031  variants=54
2026/10/02 19:08:01 [720/993] OK picsum_263  variants=54
2026/10/02 19:08:01 [721/993] OK picsum_649  variants=54
2026/10/02 19:08:01 [722/993] OK picsum_945  variants=54
2026/10/02 19:08:01 [723/993] OK picsum_125  variants=54
2026/10/02 19:08:01 [724/993] OK picsum_641  variants=54
2026/10/02 19:08:01 [725/993] OK picsum_664  variants=54
2026/10/02 19:08:01 [726/993] OK picsum_147  variants=54
2026/10/02 19:08:01 [727/993] OK picsum_26  variants=54
2026/10/02 19:08:01 [728/993] OK picsum_118  variants=54
2026/10/02 19:08:01 [729/993] OK picsum_550  variants=54
2026/10/02 19:08:01 [730/993] OK picsum_139  variants=54
2026/10/02 19:08:01 [731/993] OK picsum_497  variants=54
2026/10/02 19:08:01 [732/993] OK picsum_270  variants=54
2026/10/02 19:08:01 [733/993] OK picsum_15  variants=54
2026/10/02 19:08:01 [734/993] OK picsum_768  variants=54
2026/10/02 19:08:01 [735/993] OK picsum_552  variants=54
2026/10/02 19:08:01 [736/993] OK picsum_278  variants=54
2026/10/02 19:08:01 [737/993] OK picsum_140  variants=54
2026/10/02 19:08:01 [738/993] OK picsum_143  variants=54
2026/10/02 19:08:01 [739/993] OK picsum_656  variants=54
2026/10/02 19:08:02 [740/993] OK picsum_239  variants=54
2026/10/02 19:08:02 [741/993] OK picsum_818  variants=54
2026/10/02 19:08:02 [742/993] OK picsum_410  variants=54
2026/10/02 19:08:02 [743/993] OK picsum_381  variants=54
2026/10/02 19:08:02 [744/993] OK picsum_1074  variants=54
2026/10/02 19:08:02 [745/993] OK picsum_530  variants=54
2026/10/02 19:08:02 [746/993] OK picsum_799  variants=54
2026/10/02 19:08:02 [747/993] OK picsum_684  variants=54
2026/10/02 19:08:02 [748/993] OK picsum_782  variants=54
2026/10/02 19:08:02 [749/993] OK picsum_701  variants=54
2026/10/02 19:08:02 [750/993] OK picsum_666  variants=54
2026/10/02 19:08:02 [751/993] OK picsum_177  variants=54
2026/10/02 19:08:02 [752/993] OK picsum_856  variants=54
2026/10/02 19:08:02 [753/993] OK picsum_408  variants=54
2026/10/02 19:08:02 [754/993] OK picsum_947  variants=54
2026/10/02 19:08:02 [755/993] OK picsum_106  variants=54
2026/10/02 19:08:02 [756/993] OK picsum_454  variants=54
2026/10/02 19:08:02 [757/993] OK picsum_46  variants=54
2026/10/02 19:08:02 [758/993] OK picsum_87  variants=54
2026/10/02 19:08:02 [759/993] OK picsum_64  variants=54
2026/10/02 19:08:02 [760/993] OK picsum_281  variants=54
2026/10/02 19:08:02 [761/993] OK picsum_681  variants=54
2026/10/02 19:08:02 [762/993] OK picsum_773  variants=54
2026/10/02 19:08:02 [763/993] OK picsum_910  variants=54
2026/10/02 19:08:02 [764/993] OK picsum_183  variants=54
2026/10/02 19:08:02 [765/993] OK picsum_654  variants=54
2026/10/02 19:08:02 [766/993] OK picsum_204  variants=54
2026/10/02 19:08:02 [767/993] OK picsum_29  variants=54
2026/10/02 19:08:02 [768/993] OK picsum_257  variants=54
2026/10/02 19:08:02 [769/993] OK picsum_240  variants=54
2026/10/02 19:08:02 [770/993] OK picsum_731  variants=54
2026/10/02 19:08:02 [771/993] OK picsum_823  variants=54
2026/10/02 19:08:02 [772/993] OK picsum_1019  variants=54
2026/10/02 19:08:02 [773/993] OK picsum_141  variants=54
2026/10/02 19:08:02 [774/993] OK picsum_1073  variants=54
2026/10/02 19:08:02 [775/993] OK picsum_343  variants=54
2026/10/02 19:08:02 [776/993] OK picsum_705  variants=54
2026/10/02 19:08:02 [777/993] OK picsum_572  variants=54
2026/10/02 19:08:02 [778/993] OK picsum_252  variants=54
2026/10/02 19:08:02 [779/993] OK picsum_127  variants=54
2026/10/02 19:08:02 [780/993] OK picsum_925  variants=54
2026/10/02 19:08:02 [781/993] OK picsum_1033  variants=54
2026/10/02 19:08:02 [782/993] OK picsum_380  variants=54
2026/10/02 19:08:02 [783/993] OK picsum_551  variants=54
2026/10/02 19:08:02 [784/993] OK picsum_833  variants=54
2026/10/02 19:08:02 [785/993] OK picsum_584  variants=54
2026/10/02 19:08:02 [786/993] OK picsum_76  variants=54
2026/10/02 19:08:02 [787/993] OK picsum_816  variants=54
2026/10/02 19:08:02 [788/993] OK picsum_484  variants=54
2026/10/02 19:08:03 [789/993] OK picsum_626  variants=54
2026/10/02 19:08:03 [790/993] OK picsum_643  variants=54
2026/10/02 19:08:03 [791/993] OK picsum_170  variants=54
2026/10/02 19:08:03 [792/993] OK picsum_490  variants=54
2026/10/02 19:08:03 [793/993] OK picsum_1041  variants=54
2026/10/02 19:08:03 [794/993] OK picsum_17  variants=54
2026/10/02 19:08:03 [795/993] OK picsum_336  variants=54
2026/10/02 19:08:03 [796/993] OK picsum_251  variants=54
2026/10/02 19:08:03 [797/993] OK picsum_412  variants=54
2026/10/02 19:08:03 [798/993] OK picsum_860  variants=54
2026/10/02 19:08:03 [799/993] OK picsum_244  variants=54
2026/10/02 19:08:03 [800/993] OK picsum_188  variants=54
2026/10/02 19:08:03 [801/993] OK picsum_176  variants=54
2026/10/02 19:08:03 [802/993] OK picsum_152  variants=54
2026/10/02 19:08:03 [803/993] OK picsum_112  variants=54
2026/10/02 19:08:03 [804/993] OK picsum_45  variants=54
2026/10/02 19:08:03 [805/993] OK picsum_107  variants=54
2026/10/02 19:08:03 [806/993] OK picsum_889  variants=54
2026/10/02 19:08:03 [807/993] OK picsum_803  variants=54
2026/10/02 19:08:03 [808/993] OK picsum_306  variants=54
2026/10/02 19:08:03 [809/993] OK picsum_267  variants=54
2026/10/02 19:08:03 [810/993] OK picsum_790  variants=54
2026/10/02 19:08:03 [811/993] OK picsum_506  variants=54
2026/10/02 19:08:03 [812/993] OK picsum_94  variants=54
2026/10/02 19:08:03 [813/993] OK picsum_929  variants=54
2026/10/02 19:08:03 [814/993] OK picsum_460  variants=54
2026/10/02 19:08:03 [815/993] OK picsum_785  variants=54
2026/10/02 19:08:03 [816/993] OK picsum_1081  variants=54
2026/10/02 19:08:03 [817/993] OK picsum_361  variants=54
2026/10/02 19:08:03 [818/993] OK picsum_692  variants=54
2026/10/02 19:08:03 [819/993] OK picsum_1044  variants=54
2026/10/02 19:08:03 [820/993] OK picsum_756  variants=54
2026/10/02 19:08:03 [821/993] OK picsum_495  variants=54
2026/10/02 19:08:03 [822/993] OK picsum_736  variants=54
2026/10/02 19:08:03 [823/993] OK picsum_273  variants=54
2026/10/02 19:08:03 [824/993] OK picsum_458  variants=54
2026/10/02 19:08:03 [825/993] OK picsum_532  variants=54
2026/10/02 19:08:03 [826/993] OK picsum_415  variants=54
2026/10/02 19:08:03 [827/993] OK picsum_695  variants=54
2026/10/02 19:08:03 [828/993] OK picsum_831  variants=54
2026/10/02 19:08:03 [829/993] OK picsum_445  variants=54
2026/10/02 19:08:03 [830/993] OK picsum_958  variants=54
2026/10/02 19:08:03 [831/993] OK picsum_324  variants=54
2026/10/02 19:08:03 [832/993] OK picsum_421  variants=54
2026/10/02 19:08:03 [833/993] OK picsum_447  variants=54
2026/10/02 19:08:04 [834/993] OK picsum_51  variants=54
2026/10/02 19:08:04 [835/993] OK picsum_800  variants=54
2026/10/02 19:08:04 [836/993] OK picsum_372  variants=54
2026/10/02 19:08:04 [837/993] OK picsum_1015  variants=54
2026/10/02 19:08:04 [838/993] OK picsum_1013  variants=54
2026/10/02 19:08:04 [839/993] OK picsum_289  variants=54
2026/10/02 19:08:04 [840/993] OK picsum_411  variants=54
2026/10/02 19:08:04 [841/993] OK picsum_939  variants=54
2026/10/02 19:08:04 [842/993] OK picsum_377  variants=54
2026/10/02 19:08:04 [843/993] OK picsum_954  variants=54
2026/10/02 19:08:04 [844/993] OK picsum_721  variants=54
2026/10/02 19:08:04 [845/993] OK picsum_95  variants=54
2026/10/02 19:08:04 [846/993] OK picsum_786  variants=54
2026/10/02 19:08:04 [847/993] OK picsum_635  variants=54
2026/10/02 19:08:04 [848/993] OK picsum_872  variants=54
2026/10/02 19:08:04 [849/993] OK picsum_512  variants=54
2026/10/02 19:08:04 [850/993] OK picsum_620  variants=54
2026/10/02 19:08:04 [851/993] OK picsum_1072  variants=54
2026/10/02 19:08:04 [852/993] OK picsum_21  variants=54
2026/10/02 19:08:04 [853/993] OK picsum_594  variants=54
2026/10/02 19:08:04 [854/993] OK picsum_135  variants=54
2026/10/02 19:08:04 [855/993] OK picsum_671  variants=54
2026/10/02 19:08:04 [856/993] OK picsum_136  variants=54
2026/10/02 19:08:04 [857/993] OK picsum_349  variants=54
2026/10/02 19:08:04 [858/993] OK picsum_213  variants=54
2026/10/02 19:08:04 [859/993] OK picsum_874  variants=54
2026/10/02 19:08:04 [860/993] OK picsum_225  variants=54
2026/10/02 19:08:04 [861/993] OK picsum_440  variants=54
2026/10/02 19:08:04 [862/993] OK picsum_976  variants=54
2026/10/02 19:08:04 [863/993] OK picsum_984  variants=54
2026/10/02 19:08:04 [864/993] OK picsum_881  variants=54
2026/10/02 19:08:04 [865/993] OK picsum_959  variants=54
2026/10/02 19:08:04 [866/993] OK picsum_393  variants=54
2026/10/02 19:08:04 [867/993] OK picsum_55  variants=54
2026/10/02 19:08:04 [868/993] OK picsum_944  variants=54
2026/10/02 19:08:04 [869/993] OK picsum_193  variants=54
2026/10/02 19:08:04 [870/993] OK picsum_638  variants=54
2026/10/02 19:08:04 [871/993] OK picsum_72  variants=54
2026/10/02 19:08:04 [872/993] OK picsum_864  variants=54
2026/10/02 19:08:04 [873/993] OK picsum_810  variants=54
2026/10/02 19:08:04 [874/993] OK picsum_164  variants=54
2026/10/02 19:08:04 [875/993] OK picsum_98  variants=54
2026/10/02 19:08:04 [876/993] OK picsum_1  variants=54
2026/10/02 19:08:04 [877/993] OK picsum_693  variants=54
2026/10/02 19:08:04 [878/993] OK picsum_301  variants=54
2026/10/02 19:08:04 [879/993] OK picsum_797  variants=54
2026/10/02 19:08:04 [880/993] OK picsum_1061  variants=54
2026/10/02 19:08:04 [881/993] OK picsum_137  variants=54
2026/10/02 19:08:04 [882/993] OK picsum_345  variants=54
2026/10/02 19:08:04 [883/993] OK picsum_602  variants=54
2026/10/02 19:08:04 [884/993] OK picsum_614  variants=54
2026/10/02 19:08:04 [885/993] OK picsum_700  variants=54
2026/10/02 19:08:04 [886/993] OK picsum_892  variants=54
2026/10/02 19:08:04 [887/993] OK picsum_308  variants=54
2026/10/02 19:08:05 [888/993] OK picsum_498  variants=54
2026/10/02 19:08:05 [889/993] OK picsum_896  variants=54
2026/10/02 19:08:05 [890/993] OK picsum_126  variants=54
2026/10/02 19:08:05 [891/993] OK picsum_323  variants=54
2026/10/02 19:08:05 [892/993] OK picsum_960  variants=54
2026/10/02 19:08:05 [893/993] OK picsum_12  variants=54
2026/10/02 19:08:05 [894/993] OK picsum_1084  variants=54
2026/10/02 19:08:05 [895/993] OK picsum_547  variants=54
2026/10/02 19:08:05 [896/993] OK picsum_313  variants=54
2026/10/02 19:08:05 [897/993] OK picsum_937  variants=54
2026/10/02 19:08:05 [898/993] OK picsum_504  variants=54
2026/10/02 19:08:05 [899/993] OK picsum_646  variants=54
2026/10/02 19:08:05 [900/993] OK picsum_844  variants=54
2026/10/02 19:08:05 [901/993] OK picsum_1032  variants=54
2026/10/02 19:08:05 [902/993] OK picsum_1048  variants=54
2026/10/02 19:08:05 [903/993] OK picsum_258  variants=54
2026/10/02 19:08:05 [904/993] OK picsum_145  variants=54
2026/10/02 19:08:05 [905/993] OK picsum_789  variants=54
2026/10/02 19:08:05 [906/993] OK picsum_199  variants=54
2026/10/02 19:08:05 [907/993] OK picsum_817  variants=54
2026/10/02 19:08:05 [908/993] OK picsum_685  variants=54
2026/10/02 19:08:05 [909/993] OK picsum_426  variants=54
2026/10/02 19:08:05 [910/993] OK picsum_1039  variants=54
2026/10/02 19:08:05 [911/993] OK picsum_260  variants=54
2026/10/02 19:08:05 [912/993] OK picsum_965  variants=54
2026/10/02 19:08:05 [913/993] OK picsum_916  variants=54
2026/10/02 19:08:05 [914/993] OK picsum_877  variants=54
2026/10/02 19:08:05 [915/993] OK picsum_466  variants=54
2026/10/02 19:08:05 [916/993] OK picsum_91  variants=54
2026/10/02 19:08:05 [917/993] OK picsum_435  variants=54
2026/10/02 19:08:05 [918/993] OK picsum_525  variants=54
2026/10/02 19:08:05 [919/993] OK picsum_625  variants=54
2026/10/02 19:08:05 [920/993] OK picsum_442  variants=54
2026/10/02 19:08:05 [921/993] OK picsum_900  variants=54
2026/10/02 19:08:05 [922/993] OK picsum_688  variants=54
2026/10/02 19:08:05 [923/993] OK picsum_243  variants=54
2026/10/02 19:08:05 [924/993] OK picsum_911  variants=54
2026/10/02 19:08:05 [925/993] OK picsum_878  variants=54
2026/10/02 19:08:05 [926/993] OK picsum_566  variants=54
2026/10/02 19:08:05 [927/993] OK picsum_291  variants=54
2026/10/02 19:08:05 [928/993] OK picsum_56  variants=54
2026/10/02 19:08:05 [929/993] OK picsum_299  variants=54
2026/10/02 19:08:05 [930/993] OK picsum_729  variants=54
2026/10/02 19:08:05 [931/993] OK picsum_682  variants=54
2026/10/02 19:08:05 [932/993] OK picsum_936  variants=54
2026/10/02 19:08:05 [933/993] OK picsum_162  variants=54
2026/10/02 19:08:06 [934/993] OK picsum_279  variants=54
2026/10/02 19:08:06 [935/993] OK picsum_36  variants=54
2026/10/02 19:08:06 [936/993] OK picsum_449  variants=54
2026/10/02 19:08:06 [937/993] OK picsum_253  variants=54
2026/10/02 19:08:06 [938/993] OK picsum_229  variants=54
2026/10/02 19:08:06 [939/993] OK picsum_529  variants=54
2026/10/02 19:08:06 [940/993] OK picsum_820  variants=54
2026/10/02 19:08:06 [941/993] OK picsum_969  variants=54
2026/10/02 19:08:06 [942/993] OK picsum_172  variants=54
2026/10/02 19:08:06 [943/993] OK picsum_182  variants=54
2026/10/02 19:08:06 [944/993] OK picsum_544  variants=54
2026/10/02 19:08:06 [945/993] OK picsum_556  variants=54
2026/10/02 19:08:06 [946/993] OK picsum_819  variants=54
2026/10/02 19:08:06 [947/993] OK picsum_868  variants=54
2026/10/02 19:08:06 [948/993] OK picsum_723  variants=54
2026/10/02 19:08:06 [949/993] OK picsum_54  variants=54
2026/10/02 19:08:06 [950/993] OK picsum_573  variants=54
2026/10/02 19:08:06 [951/993] OK picsum_254  variants=54
2026/10/02 19:08:06 [952/993] OK picsum_791  variants=54
2026/10/02 19:08:06 [953/993] OK picsum_1082  variants=54
2026/10/02 19:08:06 [954/993] OK picsum_780  variants=54
2026/10/02 19:08:06 [955/993] OK picsum_149  variants=54
2026/10/02 19:08:06 [956/993] OK picsum_898  variants=54
2026/10/02 19:08:06 [957/993] OK picsum_1021  variants=54
2026/10/02 19:08:06 [958/993] OK picsum_67  variants=54
2026/10/02 19:08:06 [959/993] OK picsum_1058  variants=54
2026/10/02 19:08:06 [960/993] OK picsum_941  variants=54
2026/10/02 19:08:06 [961/993] OK picsum_1049  variants=54
2026/10/02 19:08:06 [962/993] OK picsum_765  variants=54
2026/10/02 19:08:06 [963/993] OK picsum_374  variants=54
2026/10/02 19:08:06 [964/993] OK picsum_459  variants=54
2026/10/02 19:08:06 [965/993] OK picsum_128  variants=54
2026/10/02 19:08:06 [966/993] OK picsum_983  variants=54
2026/10/02 19:08:06 [967/993] OK picsum_211  variants=54
2026/10/02 19:08:06 [968/993] OK picsum_230  variants=54
2026/10/02 19:08:06 [969/993] OK picsum_40  variants=54
2026/10/02 19:08:06 [970/993] OK picsum_293  variants=54
2026/10/02 19:08:06 [971/993] OK picsum_676  variants=54
2026/10/02 19:08:06 [972/993] OK picsum_119  variants=54
2026/10/02 19:08:06 [973/993] OK picsum_350  variants=54
2026/10/02 19:08:06 [974/993] OK picsum_1036  variants=54
2026/10/02 19:08:06 [975/993] OK picsum_1005  variants=54
2026/10/02 19:08:06 [976/993] OK picsum_769  variants=54
2026/10/02 19:08:06 [977/993] OK picsum_766  variants=54
2026/10/02 19:08:06 [978/993] OK picsum_483  variants=54
2026/10/02 19:08:06 [979/993] OK picsum_694  variants=54
2026/10/02 19:08:06 [980/993] OK picsum_121  variants=54
2026/10/02 19:08:06 [981/993] OK picsum_375  variants=54
2026/10/02 19:08:06 [982/993] OK picsum_796  variants=54
2026/10/02 19:08:06 [983/993] OK picsum_222  variants=54
2026/10/02 19:08:06 [984/993] OK picsum_680  variants=54
2026/10/02 19:08:06 [985/993] OK picsum_401  variants=54
2026/10/02 19:08:06 [986/993] OK picsum_399  variants=54
2026/10/02 19:08:06 [987/993] OK picsum_880  variants=54
2026/10/02 19:08:07 [988/993] OK picsum_400  variants=54
2026/10/02 19:08:07 [989/993] OK picsum_214  variants=54
2026/10/02 19:08:07 [990/993] OK picsum_43  variants=54
2026/10/02 19:08:07 [991/993] OK picsum_639  variants=54
2026/10/02 19:08:07 [992/993] OK picsum_65  variants=54
2026/10/02 19:08:07 [993/993] OK picsum_391  variants=54
2026/10/02 19:08:07 done: 53622 samples  0 errors  manifest -> /home/waizbart/projects/aletheia-api/testdata/generated/manifest.json
